../Core/Src/main.cpp:118:5:int main()	8	static
../Core/Src/main.cpp:212:6:void SystemClock_Config()	88	static
../Core/Src/main.cpp:258:13:void MX_I2C1_Init()	8	static
../Core/Src/main.cpp:292:13:void MX_I2S3_Init()	8	static
../Core/Src/main.cpp:326:13:void MX_SPI1_Init()	8	static
../Core/Src/main.cpp:364:13:void MX_GPIO_Init()	56	static
../Core/Src/main.cpp:458:6:void vApplicationStackOverflowHook(TaskHandle_t, signed char*)	16	static,ignoring_inline_asm
../Core/Src/main.cpp:469:6:void vApplicationMallocFailedHook()	4	static,ignoring_inline_asm
../Core/Src/main.cpp:486:6:void StartDefaultTask(void*)	16	static
../Core/Src/main.cpp:510:6:void StartLedTask(void*)	24	static
../Core/Src/main.cpp:529:6:void startUartTask(void*)	176	static
../Core/Src/main.cpp:567:6:void Error_Handler()	4	static,ignoring_inline_asm
