../Core/Src/main.cpp:178:5:int main()	8	static
../Core/Src/main.cpp:282:6:void SystemClock_Config()	88	static
../Core/Src/main.cpp:328:13:void MX_I2C1_Init()	8	static
../Core/Src/main.cpp:362:13:void MX_I2S3_Init()	8	static
../Core/Src/main.cpp:396:13:void MX_SPI1_Init()	8	static
../Core/Src/main.cpp:434:13:void MX_GPIO_Init()	56	static
../Core/Src/main.cpp:528:6:void vApplicationStackOverflowHook(TaskHandle_t, signed char*)	16	static,ignoring_inline_asm
../Core/Src/main.cpp:539:6:void vApplicationMallocFailedHook()	4	static,ignoring_inline_asm
../Core/Src/main.cpp:556:6:void StartDefaultTask(void*)	16	static
../Core/Src/main.cpp:580:6:void StartLedTask(void*)	32	static
../Core/Src/main.cpp:625:6:void startUartTask(void*)	312	static
../Core/Src/main.cpp:685:6:void startWriter0Task(void*)	16	static
../Core/Src/main.cpp:697:6:void startReader0Task(void*)	16	static
../Middlewares/SerLink/SerLink.hpp:15:9:SerLink::FrameMsg::FrameMsg()	16	static
../Core/Src/main.cpp:709:6:void startSerLink0Task(void*)	104	static
../Core/Src/main.cpp:733:6:void Error_Handler()	8	static,ignoring_inline_asm
../Core/Src/main.cpp:746:1:void __static_initialization_and_destruction_0()	8	static
../Core/Src/main.cpp:746:1:cpp)	8	static
