../Core/Src/main.cpp:138:5:int main()	8	static
../Core/Src/main.cpp:238:6:void SystemClock_Config()	88	static
../Core/Src/main.cpp:284:13:void MX_I2C1_Init()	8	static
../Core/Src/main.cpp:318:13:void MX_I2S3_Init()	8	static
../Core/Src/main.cpp:352:13:void MX_SPI1_Init()	8	static
../Core/Src/main.cpp:390:13:void MX_GPIO_Init()	56	static
../Core/Src/main.cpp:484:6:void vApplicationStackOverflowHook(TaskHandle_t, signed char*)	16	static,ignoring_inline_asm
../Core/Src/main.cpp:495:6:void vApplicationMallocFailedHook()	4	static,ignoring_inline_asm
../Core/Src/main.cpp:512:6:void StartDefaultTask(void*)	16	static
../Core/Src/main.cpp:536:6:void StartLedTask(void*)	24	static
../Core/Src/main.cpp:555:6:void startUartTask(void*)	312	static
../Core/Src/main.cpp:615:6:void startWriter0Task(void*)	16	static
../Core/Src/main.cpp:631:6:void Error_Handler()	8	static,ignoring_inline_asm
../Core/Src/main.cpp:644:1:void __static_initialization_and_destruction_0()	8	static
../Core/Src/main.cpp:644:1:cpp)	8	static
