../Middlewares/SerLink/StateMachine/StateMachine.hpp:13:7:constexpr StateMachine::StateMachine()	16	static
../Middlewares/SerLink/SerLink.hpp:15:9:SerLink::FrameMsg::FrameMsg()	16	static
../Middlewares/SerLink/Reader/Reader.cpp:17:1:SerLink::Reader::Reader(uint8_t)	16	static
../Middlewares/SerLink/Reader/Reader.cpp:22:6:void SerLink::Reader::init(QueueHandle_t, SerLink::Writer*, QueueHandle_t)	24	static
../Middlewares/SerLink/Reader/Reader.cpp:29:6:virtual void SerLink::Reader::run()	16	static
../Middlewares/SerLink/Reader/Reader.cpp:42:9:uint8_t SerLink::Reader::idle()	16	static
../Middlewares/SerLink/Reader/Reader.cpp:98:9:uint8_t SerLink::Reader::ackDelay()	16	static
../Middlewares/SerLink/Reader/Reader.cpp:104:9:uint8_t SerLink::Reader::txAck()	16	static
../Middlewares/SerLink/Reader/Reader.cpp:116:9:uint8_t SerLink::Reader::uartWrite(char*)	16	static
../Middlewares/SerLink/Reader/Reader.cpp:130:6:bool SerLink::Reader::checkUartFrameRx()	16	static
../Middlewares/SerLink/Reader/Reader.cpp:145:13:bool (* SerLink::Reader::getInstantHandler(char*))(SerLink::Frame&, uint16_t*, char*)	24	static
